[run_all] jobs=289 done=198 todo=91 smoke=False
  [   0.01s] E1 quadratic kappa100.0-n100 L-BFGS seed=0 -> it=126 t=0.011s conv=1
  [   0.00s] E1 quadratic kappa100.0-n100 TR seed=0 -> it=13 t=0.001s conv=1
  [   0.03s] E1 quadratic kappa100.0-n100 ARC seed=0 -> it=7 t=0.028s conv=1
  [   0.01s] E1 quadratic kappa100.0-n100 L-BFGS seed=1 -> it=125 t=0.012s conv=1
  [   0.00s] E1 quadratic kappa100.0-n100 TR seed=1 -> it=13 t=0.001s conv=1
  [   0.02s] E1 quadratic kappa100.0-n100 ARC seed=1 -> it=6 t=0.024s conv=1
  [   0.01s] E1 quadratic kappa100.0-n100 L-BFGS seed=2 -> it=133 t=0.012s conv=1
  [   0.00s] E1 quadratic kappa100.0-n100 TR seed=2 -> it=13 t=0.001s conv=1
  [   0.02s] E1 quadratic kappa100.0-n100 ARC seed=2 -> it=6 t=0.023s conv=1
  [   0.04s] E1 quadratic kappa1000.0-n100 L-BFGS seed=0 -> it=403 t=0.036s conv=1
  [   0.00s] E1 quadratic kappa1000.0-n100 TR seed=0 -> it=14 t=0.003s conv=1
  [   0.02s] E1 quadratic kappa1000.0-n100 ARC seed=0 -> it=6 t=0.023s conv=1
  [   0.04s] E1 quadratic kappa1000.0-n100 L-BFGS seed=1 -> it=410 t=0.04s conv=1
  [   0.00s] E1 quadratic kappa1000.0-n100 TR seed=1 -> it=14 t=0.003s conv=1
  [   0.02s] E1 quadratic kappa1000.0-n100 ARC seed=1 -> it=6 t=0.024s conv=1
  [   0.04s] E1 quadratic kappa1000.0-n100 L-BFGS seed=2 -> it=413 t=0.036s conv=1
  [   0.00s] E1 quadratic kappa1000.0-n100 TR seed=2 -> it=14 t=0.004s conv=1
  [   0.02s] E1 quadratic kappa1000.0-n100 ARC seed=2 -> it=6 t=0.025s conv=1
  [   0.14s] E1 quadratic kappa10000.0-n100 L-BFGS seed=0 -> it=1394 t=0.139s conv=1
  [   0.01s] E1 quadratic kappa10000.0-n100 TR seed=0 -> it=14 t=0.008s conv=1
  [   0.02s] E1 quadratic kappa10000.0-n100 ARC seed=0 -> it=6 t=0.024s conv=1
  [   0.12s] E1 quadratic kappa10000.0-n100 L-BFGS seed=1 -> it=1351 t=0.125s conv=1
  [   0.01s] E1 quadratic kappa10000.0-n100 TR seed=1 -> it=15 t=0.007s conv=1
  [   0.02s] E1 quadratic kappa10000.0-n100 ARC seed=1 -> it=6 t=0.024s conv=1
  [   0.14s] E1 quadratic kappa10000.0-n100 L-BFGS seed=2 -> it=1396 t=0.138s conv=1
  [   0.01s] E1 quadratic kappa10000.0-n100 TR seed=2 -> it=15 t=0.007s conv=1
  [   0.02s] E1 quadratic kappa10000.0-n100 ARC seed=2 -> it=6 t=0.023s conv=1
  [   0.15s] E1 quadratic kappa100.0-n1000 L-BFGS seed=0 -> it=134 t=0.145s conv=1
  [   0.02s] E1 quadratic kappa100.0-n1000 TR seed=0 -> it=14 t=0.023s conv=1
  [  11.46s] E1 quadratic kappa100.0-n1000 ARC seed=0 -> it=8 t=11.462s conv=1
  [   0.19s] E1 quadratic kappa100.0-n1000 L-BFGS seed=1 -> it=143 t=0.191s conv=1
  [   0.03s] E1 quadratic kappa100.0-n1000 TR seed=1 -> it=14 t=0.031s conv=1
  [  12.00s] E1 quadratic kappa100.0-n1000 ARC seed=1 -> it=8 t=11.997s conv=1
  [   0.08s] E1 quadratic kappa100.0-n1000 L-BFGS seed=2 -> it=134 t=0.084s conv=1
  [   0.03s] E1 quadratic kappa100.0-n1000 TR seed=2 -> it=14 t=0.033s conv=1
  [  11.84s] E1 quadratic kappa100.0-n1000 ARC seed=2 -> it=8 t=11.839s conv=1
  [   0.39s] E1 quadratic kappa1000.0-n1000 L-BFGS seed=0 -> it=476 t=0.39s conv=1
  [   0.07s] E1 quadratic kappa1000.0-n1000 TR seed=0 -> it=14 t=0.066s conv=1
  [  11.53s] E1 quadratic kappa1000.0-n1000 ARC seed=0 -> it=8 t=11.533s conv=1
  [   0.47s] E1 quadratic kappa1000.0-n1000 L-BFGS seed=1 -> it=480 t=0.471s conv=1
  [   0.09s] E1 quadratic kappa1000.0-n1000 TR seed=1 -> it=15 t=0.093s conv=1
  [  11.79s] E1 quadratic kappa1000.0-n1000 ARC seed=1 -> it=8 t=11.79s conv=1
  [   0.40s] E1 quadratic kappa1000.0-n1000 L-BFGS seed=2 -> it=475 t=0.401s conv=1
  [   0.11s] E1 quadratic kappa1000.0-n1000 TR seed=2 -> it=15 t=0.109s conv=1
  [  11.90s] E1 quadratic kappa1000.0-n1000 ARC seed=2 -> it=8 t=11.898s conv=1
  [   1.28s] E1 quadratic kappa10000.0-n1000 L-BFGS seed=0 -> it=1599 t=1.278s conv=1
  [   0.15s] E1 quadratic kappa10000.0-n1000 TR seed=0 -> it=15 t=0.149s conv=1
  [  11.93s] E1 quadratic kappa10000.0-n1000 ARC seed=0 -> it=8 t=11.928s conv=1
  [   1.34s] E1 quadratic kappa10000.0-n1000 L-BFGS seed=1 -> it=1553 t=1.344s conv=1
  [   0.24s] E1 quadratic kappa10000.0-n1000 TR seed=1 -> it=15 t=0.236s conv=1
  [  10.60s] E1 quadratic kappa10000.0-n1000 ARC seed=1 -> it=7 t=10.602s conv=1
  [   1.36s] E1 quadratic kappa10000.0-n1000 L-BFGS seed=2 -> it=1582 t=1.362s conv=1
  [   0.23s] E1 quadratic kappa10000.0-n1000 TR seed=2 -> it=15 t=0.228s conv=1
  [  11.91s] E1 quadratic kappa10000.0-n1000 ARC seed=2 -> it=8 t=11.912s conv=1
  [   0.01s] E4 rosenbrock n50 Newton seed=0 -> it=121 t=0.013s conv=1
  [   0.03s] E4 rosenbrock n50 L-BFGS seed=0 -> it=287 t=0.027s conv=1
  [   0.04s] E4 rosenbrock n50 TR seed=0 -> it=131 t=0.035s conv=1
  [   0.20s] E4 rosenbrock n50 ARC seed=0 -> it=125 t=0.199s conv=1
  [   0.44s] E4 rosenbrock n50 Hybrid-fixed th=0.001 seed=0 -> it=14816 t=0.437s conv=1
  [   4.21s] E4 rosenbrock n50 Hybrid-adaptive seed=0 -> it=15322 t=4.204s conv=1
  [   0.01s] E4 rosenbrock n50 Newton seed=1 -> it=121 t=0.013s conv=1
  [   0.03s] E4 rosenbrock n50 L-BFGS seed=1 -> it=287 t=0.028s conv=1
  [   0.04s] E4 rosenbrock n50 TR seed=1 -> it=131 t=0.039s conv=1
  [   0.20s] E4 rosenbrock n50 ARC seed=1 -> it=125 t=0.199s conv=1
  [   0.44s] E4 rosenbrock n50 Hybrid-fixed th=0.001 seed=1 -> it=14816 t=0.438s conv=1
  [   4.17s] E4 rosenbrock n50 Hybrid-adaptive seed=1 -> it=15322 t=4.17s conv=1
  [   0.03s] E4 rosenbrock n100 Newton seed=0 -> it=193 t=0.028s conv=1
  [   0.05s] E4 rosenbrock n100 L-BFGS seed=0 -> it=537 t=0.054s conv=1
  [   0.10s] E4 rosenbrock n100 TR seed=0 -> it=648 t=0.104s conv=1
  [   0.99s] E4 rosenbrock n100 ARC seed=0 -> it=249 t=0.992s conv=1
  [   0.91s] E4 rosenbrock n100 Hybrid-fixed th=0.001 seed=0 -> it=31305 t=0.913s conv=1
  [   8.63s] E4 rosenbrock n100 Hybrid-adaptive seed=0 -> it=31931 t=8.627s conv=1
  [   0.03s] E4 rosenbrock n100 Newton seed=1 -> it=193 t=0.029s conv=1
  [   0.05s] E4 rosenbrock n100 L-BFGS seed=1 -> it=537 t=0.051s conv=1
  [   0.10s] E4 rosenbrock n100 TR seed=1 -> it=648 t=0.101s conv=1
  [   1.03s] E4 rosenbrock n100 ARC seed=1 -> it=249 t=1.027s conv=1
  [   0.92s] E4 rosenbrock n100 Hybrid-fixed th=0.001 seed=1 -> it=31305 t=0.915s conv=1
  [   8.73s] E4 rosenbrock n100 Hybrid-adaptive seed=1 -> it=31931 t=8.721s conv=1
  [   0.00s] E4 logsumexp m500-n50 TR seed=0 -> it=14 t=0.002s conv=1
  [   5.17s] E4 logsumexp m500-n50 ARC seed=0 -> it=1266 t=5.168s conv=1
  [   0.00s] E4 logsumexp m500-n50 TR seed=1 -> it=13 t=0.002s conv=1
  [   3.99s] E4 logsumexp m500-n50 ARC seed=1 -> it=1193 t=3.994s conv=1
  [   0.29s] E5 logistic lam0.01-m5000-n1000 L-BFGS seed=0 -> it=35 t=0.291s conv=1
  [   0.29s] E5 logistic lam0.01-m5000-n1000 TR seed=0 -> it=19 t=0.288s conv=1
  [  22.56s] E5 logistic lam0.01-m5000-n1000 ARC seed=0 -> it=14 t=22.556s conv=1
  [   0.27s] E5 logistic lam0.01-m5000-n1000 L-BFGS seed=1 -> it=34 t=0.265s conv=1
  [   0.28s] E5 logistic lam0.01-m5000-n1000 TR seed=1 -> it=17 t=0.279s conv=1
  [  22.12s] E5 logistic lam0.01-m5000-n1000 ARC seed=1 -> it=14 t=22.122s conv=1
  [   0.28s] E5 logistic lam0.01-m5000-n1000 L-BFGS seed=2 -> it=34 t=0.28s conv=1
  [   0.51s] E5 logistic lam0.01-m5000-n1000 TR seed=2 -> it=18 t=0.511s conv=1
  [  22.46s] E5 logistic lam0.01-m5000-n1000 ARC seed=2 -> it=14 t=22.455s conv=1
[run_all] finished session: 91 runs in 3.8 min
