[run_all] jobs=289 done=196 todo=93 smoke=False
  [   0.00s] E1 quadratic kappa100.0-n100 Hybrid-fixed th=0.001 seed=0 -> it=95 t=0.001s conv=1
  [   0.03s] E1 quadratic kappa100.0-n100 Hybrid-adaptive seed=0 -> it=165 t=0.026s conv=1
  [   0.00s] E1 quadratic kappa100.0-n100 Hybrid-fixed th=0.001 seed=1 -> it=87 t=0.001s conv=1
  [   0.02s] E1 quadratic kappa100.0-n100 Hybrid-adaptive seed=1 -> it=150 t=0.021s conv=1
  [   0.00s] E1 quadratic kappa100.0-n100 Hybrid-fixed th=0.001 seed=2 -> it=91 t=0.001s conv=1
  [   0.02s] E1 quadratic kappa100.0-n100 Hybrid-adaptive seed=2 -> it=157 t=0.024s conv=1
  [   0.00s] E1 quadratic kappa1000.0-n100 Hybrid-fixed th=0.001 seed=0 -> it=318 t=0.002s conv=1
  [   0.13s] E1 quadratic kappa1000.0-n100 Hybrid-adaptive seed=0 -> it=544 t=0.133s conv=1
  [   0.00s] E1 quadratic kappa1000.0-n100 Hybrid-fixed th=0.001 seed=1 -> it=301 t=0.002s conv=1
  [   0.12s] E1 quadratic kappa1000.0-n100 Hybrid-adaptive seed=1 -> it=503 t=0.121s conv=1
  [   0.00s] E1 quadratic kappa1000.0-n100 Hybrid-fixed th=0.001 seed=2 -> it=304 t=0.002s conv=1
  [   0.13s] E1 quadratic kappa1000.0-n100 Hybrid-adaptive seed=2 -> it=523 t=0.128s conv=1
  [   0.01s] E1 quadratic kappa10000.0-n100 Hybrid-fixed th=0.001 seed=0 -> it=1051 t=0.007s conv=1
  [   0.41s] E1 quadratic kappa10000.0-n100 Hybrid-adaptive seed=0 -> it=1750 t=0.412s conv=1
  [   0.01s] E1 quadratic kappa10000.0-n100 Hybrid-fixed th=0.001 seed=1 -> it=1044 t=0.007s conv=1
  [   0.43s] E1 quadratic kappa10000.0-n100 Hybrid-adaptive seed=1 -> it=1701 t=0.43s conv=1
  [   0.01s] E1 quadratic kappa10000.0-n100 Hybrid-fixed th=0.001 seed=2 -> it=1038 t=0.007s conv=1
  [   0.41s] E1 quadratic kappa10000.0-n100 Hybrid-adaptive seed=2 -> it=1704 t=0.41s conv=1
  [   0.04s] E1 quadratic kappa100.0-n1000 Hybrid-fixed th=0.001 seed=0 -> it=103 t=0.038s conv=1
  [   0.06s] E1 quadratic kappa100.0-n1000 Hybrid-adaptive seed=0 -> it=210 t=0.057s conv=1
  [   0.04s] E1 quadratic kappa100.0-n1000 Hybrid-fixed th=0.001 seed=1 -> it=104 t=0.044s conv=1
  [   0.06s] E1 quadratic kappa100.0-n1000 Hybrid-adaptive seed=1 -> it=213 t=0.059s conv=1
  [   0.04s] E1 quadratic kappa100.0-n1000 Hybrid-fixed th=0.001 seed=2 -> it=103 t=0.039s conv=1
  [   0.06s] E1 quadratic kappa100.0-n1000 Hybrid-adaptive seed=2 -> it=212 t=0.059s conv=1
  [   0.07s] E1 quadratic kappa1000.0-n1000 Hybrid-fixed th=0.001 seed=0 -> it=342 t=0.07s conv=1
  [   0.13s] E1 quadratic kappa1000.0-n1000 Hybrid-adaptive seed=0 -> it=689 t=0.131s conv=1
  [   0.07s] E1 quadratic kappa1000.0-n1000 Hybrid-fixed th=0.001 seed=1 -> it=344 t=0.071s conv=1
  [   0.14s] E1 quadratic kappa1000.0-n1000 Hybrid-adaptive seed=1 -> it=695 t=0.142s conv=1
  [   0.07s] E1 quadratic kappa1000.0-n1000 Hybrid-fixed th=0.001 seed=2 -> it=343 t=0.074s conv=1
  [   0.13s] E1 quadratic kappa1000.0-n1000 Hybrid-adaptive seed=2 -> it=693 t=0.127s conv=1
  [   0.21s] E1 quadratic kappa10000.0-n1000 Hybrid-fixed th=0.001 seed=0 -> it=1151 t=0.209s conv=1
  [   0.37s] E1 quadratic kappa10000.0-n1000 Hybrid-adaptive seed=0 -> it=2253 t=0.373s conv=1
  [   0.19s] E1 quadratic kappa10000.0-n1000 Hybrid-fixed th=0.001 seed=1 -> it=1152 t=0.191s conv=1
  [   0.32s] E1 quadratic kappa10000.0-n1000 Hybrid-adaptive seed=1 -> it=2258 t=0.323s conv=1
  [   0.17s] E1 quadratic kappa10000.0-n1000 Hybrid-fixed th=0.001 seed=2 -> it=1159 t=0.171s conv=1
  [   0.35s] E1 quadratic kappa10000.0-n1000 Hybrid-adaptive seed=2 -> it=2254 t=0.349s conv=1
  [   0.05s] E2 quadratic kappa1000.0-n1000 Hybrid-fixed th=0.1 seed=0 -> it=206 t=0.051s conv=1
  [   0.06s] E2 quadratic kappa1000.0-n1000 Hybrid-fixed th=0.023101297000831605 seed=0 -> it=250 t=0.063s conv=1
  [   0.06s] E2 quadratic kappa1000.0-n1000 Hybrid-fixed th=0.005336699231206312 seed=0 -> it=292 t=0.063s conv=1
  [   0.09s] E2 quadratic kappa1000.0-n1000 Hybrid-fixed th=0.0012328467394420659 seed=0 -> it=336 t=0.092s conv=1
  [   0.10s] E2 quadratic kappa1000.0-n1000 Hybrid-fixed th=0.0002848035868435802 seed=0 -> it=380 t=0.103s conv=1
  [   0.10s] E2 quadratic kappa1000.0-n1000 Hybrid-fixed th=6.579332246575683e-05 seed=0 -> it=424 t=0.098s conv=1
  [   0.11s] E2 quadratic kappa1000.0-n1000 Hybrid-fixed th=1.5199110829529332e-05 seed=0 -> it=468 t=0.109s conv=1
  [   0.16s] E2 quadratic kappa1000.0-n1000 Hybrid-fixed th=3.5111917342151347e-06 seed=0 -> it=513 t=0.157s conv=1
  [   0.14s] E2 quadratic kappa1000.0-n1000 Hybrid-fixed th=8.111308307896872e-07 seed=0 -> it=557 t=0.141s conv=1
  [   0.21s] E2 quadratic kappa1000.0-n1000 Hybrid-fixed th=1.873817422860383e-07 seed=0 -> it=601 t=0.206s conv=1
  [   0.14s] E2 quadratic kappa1000.0-n1000 Hybrid-fixed th=4.328761281083061e-08 seed=0 -> it=643 t=0.142s conv=1
  [   0.13s] E2 quadratic kappa1000.0-n1000 Hybrid-fixed th=1e-08 seed=0 -> it=689 t=0.134s conv=0
  [   0.20s] E3 quadratic kappa1000.0-n1000 Hybrid-adaptive seed=0 -> it=689 t=0.203s conv=1
  [   0.03s] E2 logistic lam0.01-m2000-n200 Hybrid-fixed th=0.1 seed=0 -> it=16 t=0.03s conv=1
  [   0.02s] E2 logistic lam0.01-m2000-n200 Hybrid-fixed th=0.023101297000831605 seed=0 -> it=22 t=0.017s conv=1
  [   0.02s] E2 logistic lam0.01-m2000-n200 Hybrid-fixed th=0.005336699231206312 seed=0 -> it=25 t=0.019s conv=1
  [   0.02s] E2 logistic lam0.01-m2000-n200 Hybrid-fixed th=0.0012328467394420659 seed=0 -> it=35 t=0.015s conv=1
  [   0.02s] E2 logistic lam0.01-m2000-n200 Hybrid-fixed th=0.0002848035868435802 seed=0 -> it=37 t=0.016s conv=1
  [   0.01s] E2 logistic lam0.01-m2000-n200 Hybrid-fixed th=6.579332246575683e-05 seed=0 -> it=50 t=0.014s conv=1
  [   0.01s] E2 logistic lam0.01-m2000-n200 Hybrid-fixed th=1.5199110829529332e-05 seed=0 -> it=51 t=0.015s conv=1
  [   0.01s] E2 logistic lam0.01-m2000-n200 Hybrid-fixed th=3.5111917342151347e-06 seed=0 -> it=64 t=0.013s conv=1
  [   0.02s] E2 logistic lam0.01-m2000-n200 Hybrid-fixed th=8.111308307896872e-07 seed=0 -> it=66 t=0.023s conv=1
  [   0.02s] E2 logistic lam0.01-m2000-n200 Hybrid-fixed th=1.873817422860383e-07 seed=0 -> it=79 t=0.022s conv=1
  [   0.02s] E2 logistic lam0.01-m2000-n200 Hybrid-fixed th=4.328761281083061e-08 seed=0 -> it=81 t=0.021s conv=1
  [   0.01s] E2 logistic lam0.01-m2000-n200 Hybrid-fixed th=1e-08 seed=0 -> it=94 t=0.014s conv=0
  [   0.05s] E3 logistic lam0.01-m2000-n200 Hybrid-adaptive seed=0 -> it=94 t=0.051s conv=1
  [   0.03s] E2 logsumexp m300-n50 Hybrid-fixed th=0.1 seed=0 -> it=241 t=0.033s conv=1
  [   0.46s] E2 logsumexp m300-n50 Hybrid-fixed th=0.023101297000831605 seed=0 -> it=218 t=0.464s conv=1
  [   0.03s] E2 logsumexp m300-n50 Hybrid-fixed th=0.005336699231206312 seed=0 -> it=253 t=0.03s conv=1
  [   0.04s] E2 logsumexp m300-n50 Hybrid-fixed th=0.0012328467394420659 seed=0 -> it=244 t=0.038s conv=1
  [   0.02s] E2 logsumexp m300-n50 Hybrid-fixed th=0.0002848035868435802 seed=0 -> it=259 t=0.018s conv=1
  [   0.03s] E2 logsumexp m300-n50 Hybrid-fixed th=6.579332246575683e-05 seed=0 -> it=256 t=0.028s conv=1
  [   0.02s] E2 logsumexp m300-n50 Hybrid-fixed th=1.5199110829529332e-05 seed=0 -> it=259 t=0.02s conv=1
  [   0.02s] E2 logsumexp m300-n50 Hybrid-fixed th=3.5111917342151347e-06 seed=0 -> it=259 t=0.019s conv=1
  [   0.02s] E2 logsumexp m300-n50 Hybrid-fixed th=8.111308307896872e-07 seed=0 -> it=257 t=0.021s conv=1
  [   0.04s] E2 logsumexp m300-n50 Hybrid-fixed th=1.873817422860383e-07 seed=0 -> it=255 t=0.043s conv=1
  [   0.01s] E2 logsumexp m300-n50 Hybrid-fixed th=4.328761281083061e-08 seed=0 -> it=259 t=0.011s conv=1
  [   0.01s] E2 logsumexp m300-n50 Hybrid-fixed th=1e-08 seed=0 -> it=259 t=0.01s conv=1
  [   0.02s] E3 logsumexp m300-n50 Hybrid-adaptive seed=0 -> it=259 t=0.015s conv=1
  [   0.49s] E4 rosenbrock n50 Hybrid-fixed th=0.001 seed=0 -> it=14816 t=0.488s conv=1
  [   5.21s] E4 rosenbrock n50 Hybrid-adaptive seed=0 -> it=15322 t=5.206s conv=1
  [   0.51s] E4 rosenbrock n50 Hybrid-fixed th=0.001 seed=1 -> it=14816 t=0.507s conv=1
  [   4.56s] E4 rosenbrock n50 Hybrid-adaptive seed=1 -> it=15322 t=4.557s conv=1
  [   0.99s] E4 rosenbrock n100 Hybrid-fixed th=0.001 seed=0 -> it=31305 t=0.992s conv=1
  [   9.70s] E4 rosenbrock n100 Hybrid-adaptive seed=0 -> it=31931 t=9.693s conv=1
  [   1.00s] E4 rosenbrock n100 Hybrid-fixed th=0.001 seed=1 -> it=31305 t=1.004s conv=1
  [   9.38s] E4 rosenbrock n100 Hybrid-adaptive seed=1 -> it=31931 t=9.375s conv=1
  [   0.20s] E4 logsumexp m500-n50 Hybrid-fixed th=0.001 seed=0 -> it=162 t=0.203s conv=1
  [ 150.00s] E4 logsumexp m500-n50 Hybrid-adaptive seed=0 -> it=287017 t=150.0s conv=0
  [   0.21s] E4 logsumexp m500-n50 Hybrid-fixed th=0.001 seed=1 -> it=157 t=0.207s conv=1
  [   0.02s] E4 logsumexp m500-n50 Hybrid-adaptive seed=1 -> it=167 t=0.015s conv=1
  [   0.38s] E5 logistic lam0.01-m5000-n1000 Hybrid-fixed th=0.001 seed=0 -> it=46 t=0.375s conv=1
  [   0.86s] E5 logistic lam0.01-m5000-n1000 Hybrid-adaptive seed=0 -> it=116 t=0.857s conv=1
  [   0.28s] E5 logistic lam0.01-m5000-n1000 Hybrid-fixed th=0.001 seed=1 -> it=45 t=0.275s conv=1
  [   0.98s] E5 logistic lam0.01-m5000-n1000 Hybrid-adaptive seed=1 -> it=115 t=0.976s conv=1
  [   0.30s] E5 logistic lam0.01-m5000-n1000 Hybrid-fixed th=0.001 seed=2 -> it=46 t=0.299s conv=1
  [   1.07s] E5 logistic lam0.01-m5000-n1000 Hybrid-adaptive seed=2 -> it=116 t=1.067s conv=1
[run_all] finished session: 93 runs in 3.3 min
