[run_all] jobs=289 done=49 todo=240 smoke=False
  [   0.00s] E1 quadratic kappa100.0-n100 GD seed=0 -> it=1021 t=0.005s conv=1
  [   0.01s] E1 quadratic kappa100.0-n100 NAG-t seed=0 -> it=2075 t=0.014s conv=1
  [   0.00s] E1 quadratic kappa100.0-n100 NAG-CM seed=0 -> it=211 t=0.001s conv=1
  [   0.01s] E1 quadratic kappa100.0-n100 L-BFGS seed=0 -> it=126 t=0.011s conv=1
  [   0.00s] E1 quadratic kappa100.0-n100 Catalyst seed=0 -> it=212 t=0.001s conv=1
  [   0.01s] E1 quadratic kappa100.0-n100 Hybrid-adaptive seed=0 -> it=165 t=0.008s conv=1
  [   0.00s] E1 quadratic kappa100.0-n100 Newton seed=0 -> it=1 t=0.0s conv=1
  [   0.00s] E1 quadratic kappa100.0-n100 TR seed=0 -> it=15 t=0.002s conv=1
  [   0.03s] E1 quadratic kappa100.0-n100 ARC seed=0 -> it=7 t=0.026s conv=1
  [   0.01s] E1 quadratic kappa100.0-n100 GD seed=1 -> it=1185 t=0.006s conv=1
  [   0.01s] E1 quadratic kappa100.0-n100 NAG-t seed=1 -> it=1958 t=0.014s conv=1
  [   0.00s] E1 quadratic kappa100.0-n100 NAG-CM seed=1 -> it=193 t=0.001s conv=1
  [   0.01s] E1 quadratic kappa100.0-n100 L-BFGS seed=1 -> it=96 t=0.008s conv=0
  [   0.00s] E1 quadratic kappa100.0-n100 Catalyst seed=1 -> it=194 t=0.001s conv=1
  [   0.03s] E1 quadratic kappa100.0-n100 Hybrid-adaptive seed=1 -> it=150 t=0.027s conv=1
  [   0.00s] E1 quadratic kappa100.0-n100 Newton seed=1 -> it=1 t=0.0s conv=1
  [   0.00s] E1 quadratic kappa100.0-n100 TR seed=1 -> it=15 t=0.001s conv=1
  [   0.02s] E1 quadratic kappa100.0-n100 ARC seed=1 -> it=6 t=0.025s conv=1
  [   0.01s] E1 quadratic kappa100.0-n100 GD seed=2 -> it=1180 t=0.005s conv=1
  [   0.01s] E1 quadratic kappa100.0-n100 NAG-t seed=2 -> it=2144 t=0.015s conv=1
  [   0.00s] E1 quadratic kappa100.0-n100 NAG-CM seed=2 -> it=204 t=0.001s conv=1
  [   0.01s] E1 quadratic kappa100.0-n100 L-BFGS seed=2 -> it=124 t=0.011s conv=0
  [   0.00s] E1 quadratic kappa100.0-n100 Catalyst seed=2 -> it=205 t=0.001s conv=1
  [   0.02s] E1 quadratic kappa100.0-n100 Hybrid-adaptive seed=2 -> it=157 t=0.021s conv=1
  [   0.00s] E1 quadratic kappa100.0-n100 Newton seed=2 -> it=1 t=0.0s conv=1
  [   0.00s] E1 quadratic kappa100.0-n100 TR seed=2 -> it=14 t=0.001s conv=1
  [   0.02s] E1 quadratic kappa100.0-n100 ARC seed=2 -> it=6 t=0.024s conv=1
  [   0.06s] E1 quadratic kappa1000.0-n100 GD seed=0 -> it=11336 t=0.061s conv=1
  [   0.12s] E1 quadratic kappa1000.0-n100 NAG-t seed=0 -> it=16808 t=0.118s conv=1
  [   0.00s] E1 quadratic kappa1000.0-n100 NAG-CM seed=0 -> it=694 t=0.005s conv=1
  [   0.03s] E1 quadratic kappa1000.0-n100 L-BFGS seed=0 -> it=366 t=0.033s conv=0
  [   0.02s] E1 quadratic kappa1000.0-n100 Catalyst seed=0 -> it=3423 t=0.02s conv=1
  [   0.13s] E1 quadratic kappa1000.0-n100 Hybrid-adaptive seed=0 -> it=544 t=0.127s conv=1
  [   0.00s] E1 quadratic kappa1000.0-n100 Newton seed=0 -> it=1 t=0.0s conv=1
  [   0.00s] E1 quadratic kappa1000.0-n100 TR seed=0 -> it=17 t=0.003s conv=1
  [   0.03s] E1 quadratic kappa1000.0-n100 ARC seed=0 -> it=6 t=0.026s conv=1
  [   0.06s] E1 quadratic kappa1000.0-n100 GD seed=1 -> it=12999 t=0.061s conv=1
  [   0.11s] E1 quadratic kappa1000.0-n100 NAG-t seed=1 -> it=15839 t=0.111s conv=1
  [   0.00s] E1 quadratic kappa1000.0-n100 NAG-CM seed=1 -> it=646 t=0.004s conv=1
  [   0.03s] E1 quadratic kappa1000.0-n100 L-BFGS seed=1 -> it=263 t=0.027s conv=0
  [   0.02s] E1 quadratic kappa1000.0-n100 Catalyst seed=1 -> it=3013 t=0.024s conv=1
  [   0.12s] E1 quadratic kappa1000.0-n100 Hybrid-adaptive seed=1 -> it=503 t=0.122s conv=1
  [   0.00s] E1 quadratic kappa1000.0-n100 Newton seed=1 -> it=1 t=0.0s conv=1
  [   0.00s] E1 quadratic kappa1000.0-n100 TR seed=1 -> it=18 t=0.004s conv=1
  [   0.02s] E1 quadratic kappa1000.0-n100 ARC seed=1 -> it=6 t=0.023s conv=1
  [   0.06s] E1 quadratic kappa1000.0-n100 GD seed=2 -> it=12945 t=0.061s conv=1
  [   0.12s] E1 quadratic kappa1000.0-n100 NAG-t seed=2 -> it=16903 t=0.116s conv=1
  [   0.00s] E1 quadratic kappa1000.0-n100 NAG-CM seed=2 -> it=668 t=0.004s conv=1
  [   0.02s] E1 quadratic kappa1000.0-n100 L-BFGS seed=2 -> it=285 t=0.025s conv=0
  [   0.02s] E1 quadratic kappa1000.0-n100 Catalyst seed=2 -> it=3292 t=0.02s conv=1
  [   0.12s] E1 quadratic kappa1000.0-n100 Hybrid-adaptive seed=2 -> it=525 t=0.117s conv=1
  [   0.00s] E1 quadratic kappa1000.0-n100 Newton seed=2 -> it=1 t=0.0s conv=1
  [   0.00s] E1 quadratic kappa1000.0-n100 TR seed=2 -> it=17 t=0.003s conv=1
  [   0.02s] E1 quadratic kappa1000.0-n100 ARC seed=2 -> it=6 t=0.022s conv=1
  [   0.60s] E1 quadratic kappa10000.0-n100 GD seed=0 -> it=124797 t=0.604s conv=1
  [   0.91s] E1 quadratic kappa10000.0-n100 NAG-t seed=0 -> it=125732 t=0.911s conv=1
  [   0.02s] E1 quadratic kappa10000.0-n100 NAG-CM seed=0 -> it=2223 t=0.015s conv=1
  [   0.06s] E1 quadratic kappa10000.0-n100 L-BFGS seed=0 -> it=726 t=0.061s conv=0
  [   0.24s] E1 quadratic kappa10000.0-n100 Catalyst seed=0 -> it=34931 t=0.238s conv=1
  [   0.37s] E1 quadratic kappa10000.0-n100 Hybrid-adaptive seed=0 -> it=1750 t=0.373s conv=1
  [   0.00s] E1 quadratic kappa10000.0-n100 Newton seed=0 -> it=1 t=0.0s conv=1
  [   0.01s] E1 quadratic kappa10000.0-n100 TR seed=0 -> it=20 t=0.008s conv=1
  [   0.02s] E1 quadratic kappa10000.0-n100 ARC seed=0 -> it=6 t=0.025s conv=1
  [   0.67s] E1 quadratic kappa10000.0-n100 GD seed=1 -> it=141651 t=0.674s conv=1
  [   0.86s] E1 quadratic kappa10000.0-n100 NAG-t seed=1 -> it=119131 t=0.861s conv=1
  [   0.01s] E1 quadratic kappa10000.0-n100 NAG-CM seed=1 -> it=2118 t=0.014s conv=1
  [   0.06s] E1 quadratic kappa10000.0-n100 L-BFGS seed=1 -> it=743 t=0.063s conv=0
  [   0.19s] E1 quadratic kappa10000.0-n100 Catalyst seed=1 -> it=30542 t=0.191s conv=1
  [   0.83s] E1 quadratic kappa10000.0-n100 Hybrid-adaptive seed=1 -> it=3700 t=0.825s conv=0
  [   0.00s] E1 quadratic kappa10000.0-n100 Newton seed=1 -> it=1 t=0.0s conv=1
  [   0.01s] E1 quadratic kappa10000.0-n100 TR seed=1 -> it=19 t=0.007s conv=1
  [   0.03s] E1 quadratic kappa10000.0-n100 ARC seed=1 -> it=6 t=0.025s conv=1
  [   0.72s] E1 quadratic kappa10000.0-n100 GD seed=2 -> it=141193 t=0.718s conv=1
  [   0.96s] E1 quadratic kappa10000.0-n100 NAG-t seed=2 -> it=131711 t=0.961s conv=1
  [   0.01s] E1 quadratic kappa10000.0-n100 NAG-CM seed=2 -> it=2159 t=0.013s conv=1
  [   0.07s] E1 quadratic kappa10000.0-n100 L-BFGS seed=2 -> it=775 t=0.069s conv=0
  [   0.21s] E1 quadratic kappa10000.0-n100 Catalyst seed=2 -> it=33462 t=0.212s conv=1
  [   0.39s] E1 quadratic kappa10000.0-n100 Hybrid-adaptive seed=2 -> it=1704 t=0.392s conv=1
  [   0.00s] E1 quadratic kappa10000.0-n100 Newton seed=2 -> it=1 t=0.0s conv=1
  [   0.01s] E1 quadratic kappa10000.0-n100 TR seed=2 -> it=21 t=0.008s conv=1
  [   0.02s] E1 quadratic kappa10000.0-n100 ARC seed=2 -> it=6 t=0.023s conv=1
  [   0.13s] E1 quadratic kappa100.0-n1000 GD seed=0 -> it=1152 t=0.129s conv=1
  [   0.41s] E1 quadratic kappa100.0-n1000 NAG-t seed=0 -> it=2367 t=0.415s conv=1
  [   0.04s] E1 quadratic kappa100.0-n1000 NAG-CM seed=0 -> it=210 t=0.042s conv=1
  [   0.22s] E1 quadratic kappa100.0-n1000 L-BFGS seed=0 -> it=128 t=0.222s conv=0
  [   0.04s] E1 quadratic kappa100.0-n1000 Catalyst seed=0 -> it=212 t=0.037s conv=1
  [   0.09s] E1 quadratic kappa100.0-n1000 Hybrid-adaptive seed=0 -> it=210 t=0.086s conv=1
  [   0.02s] E1 quadratic kappa100.0-n1000 Newton seed=0 -> it=1 t=0.024s conv=1
  [   0.03s] E1 quadratic kappa100.0-n1000 TR seed=0 -> it=16 t=0.03s conv=1
  [  11.69s] E1 quadratic kappa100.0-n1000 ARC seed=0 -> it=8 t=11.693s conv=1
  [   0.11s] E1 quadratic kappa100.0-n1000 GD seed=1 -> it=1022 t=0.109s conv=1
  [   0.45s] E1 quadratic kappa100.0-n1000 NAG-t seed=1 -> it=2401 t=0.449s conv=1
  [   0.05s] E1 quadratic kappa100.0-n1000 NAG-CM seed=1 -> it=213 t=0.045s conv=1
  [   0.20s] E1 quadratic kappa100.0-n1000 L-BFGS seed=1 -> it=143 t=0.201s conv=1
  [   0.04s] E1 quadratic kappa100.0-n1000 Catalyst seed=1 -> it=214 t=0.042s conv=1
  [   0.09s] E1 quadratic kappa100.0-n1000 Hybrid-adaptive seed=1 -> it=213 t=0.092s conv=1
  [   0.03s] E1 quadratic kappa100.0-n1000 Newton seed=1 -> it=1 t=0.027s conv=1
  [   0.05s] E1 quadratic kappa100.0-n1000 TR seed=1 -> it=16 t=0.046s conv=1
  [  11.85s] E1 quadratic kappa100.0-n1000 ARC seed=1 -> it=8 t=11.852s conv=1
  [   0.19s] E1 quadratic kappa100.0-n1000 GD seed=2 -> it=990 t=0.194s conv=1
  [   0.40s] E1 quadratic kappa100.0-n1000 NAG-t seed=2 -> it=2380 t=0.404s conv=1
  [   0.04s] E1 quadratic kappa100.0-n1000 NAG-CM seed=2 -> it=212 t=0.041s conv=1
  [   0.16s] E1 quadratic kappa100.0-n1000 L-BFGS seed=2 -> it=134 t=0.157s conv=1
  [   0.04s] E1 quadratic kappa100.0-n1000 Catalyst seed=2 -> it=213 t=0.036s conv=1
  [   0.08s] E1 quadratic kappa100.0-n1000 Hybrid-adaptive seed=2 -> it=212 t=0.079s conv=1
  [   0.04s] E1 quadratic kappa100.0-n1000 Newton seed=2 -> it=1 t=0.042s conv=1
  [   0.04s] E1 quadratic kappa100.0-n1000 TR seed=2 -> it=15 t=0.037s conv=1
  [  11.67s] E1 quadratic kappa100.0-n1000 ARC seed=2 -> it=8 t=11.673s conv=1
  [   1.96s] E1 quadratic kappa1000.0-n1000 GD seed=0 -> it=12667 t=1.956s conv=1
  [   3.03s] E1 quadratic kappa1000.0-n1000 NAG-t seed=0 -> it=20389 t=3.035s conv=1
  [   0.10s] E1 quadratic kappa1000.0-n1000 NAG-CM seed=0 -> it=689 t=0.102s conv=1
  [   0.28s] E1 quadratic kappa1000.0-n1000 L-BFGS seed=0 -> it=290 t=0.277s conv=0
  [   0.38s] E1 quadratic kappa1000.0-n1000 Catalyst seed=0 -> it=3509 t=0.381s conv=1
  [   0.19s] E1 quadratic kappa1000.0-n1000 Hybrid-adaptive seed=0 -> it=689 t=0.193s conv=1
  [   0.03s] E1 quadratic kappa1000.0-n1000 Newton seed=0 -> it=1 t=0.025s conv=1
  [   0.07s] E1 quadratic kappa1000.0-n1000 TR seed=0 -> it=20 t=0.072s conv=1
  [  12.27s] E1 quadratic kappa1000.0-n1000 ARC seed=0 -> it=8 t=12.273s conv=1
  [   1.44s] E1 quadratic kappa1000.0-n1000 GD seed=1 -> it=11240 t=1.444s conv=1
  [   2.91s] E1 quadratic kappa1000.0-n1000 NAG-t seed=1 -> it=20824 t=2.912s conv=1
  [   0.08s] E1 quadratic kappa1000.0-n1000 NAG-CM seed=1 -> it=695 t=0.076s conv=1
  [   0.29s] E1 quadratic kappa1000.0-n1000 L-BFGS seed=1 -> it=333 t=0.289s conv=0
  [   0.51s] E1 quadratic kappa1000.0-n1000 Catalyst seed=1 -> it=3540 t=0.506s conv=1
  [   0.18s] E1 quadratic kappa1000.0-n1000 Hybrid-adaptive seed=1 -> it=695 t=0.176s conv=1
  [   0.03s] E1 quadratic kappa1000.0-n1000 Newton seed=1 -> it=1 t=0.031s conv=1
  [   0.10s] E1 quadratic kappa1000.0-n1000 TR seed=1 -> it=19 t=0.103s conv=1
  [  12.31s] E1 quadratic kappa1000.0-n1000 ARC seed=1 -> it=8 t=12.313s conv=1
  [   1.48s] E1 quadratic kappa1000.0-n1000 GD seed=2 -> it=9846 t=1.481s conv=1
  [   3.15s] E1 quadratic kappa1000.0-n1000 NAG-t seed=2 -> it=20635 t=3.148s conv=1
  [   0.08s] E1 quadratic kappa1000.0-n1000 NAG-CM seed=2 -> it=693 t=0.078s conv=1
  [   0.29s] E1 quadratic kappa1000.0-n1000 L-BFGS seed=2 -> it=377 t=0.286s conv=0
  [   0.58s] E1 quadratic kappa1000.0-n1000 Catalyst seed=2 -> it=3502 t=0.576s conv=1
  [   0.17s] E1 quadratic kappa1000.0-n1000 Hybrid-adaptive seed=2 -> it=693 t=0.165s conv=1
  [   0.03s] E1 quadratic kappa1000.0-n1000 Newton seed=2 -> it=1 t=0.029s conv=1
  [   0.09s] E1 quadratic kappa1000.0-n1000 TR seed=2 -> it=19 t=0.091s conv=1
  [  12.08s] E1 quadratic kappa1000.0-n1000 ARC seed=2 -> it=8 t=12.077s conv=1
  [  18.20s] E1 quadratic kappa10000.0-n1000 GD seed=0 -> it=138528 t=18.199s conv=1
  [  24.71s] E1 quadratic kappa10000.0-n1000 NAG-t seed=0 -> it=172984 t=24.713s conv=1
  [   0.31s] E1 quadratic kappa10000.0-n1000 NAG-CM seed=0 -> it=2253 t=0.307s conv=1
  [   0.50s] E1 quadratic kappa10000.0-n1000 L-BFGS seed=0 -> it=767 t=0.505s conv=0
  [   4.76s] E1 quadratic kappa10000.0-n1000 Catalyst seed=0 -> it=35581 t=4.763s conv=1
  [   0.39s] E1 quadratic kappa10000.0-n1000 Hybrid-adaptive seed=0 -> it=2253 t=0.391s conv=1
  [   0.03s] E1 quadratic kappa10000.0-n1000 Newton seed=0 -> it=1 t=0.025s conv=1
  [   0.32s] E1 quadratic kappa10000.0-n1000 TR seed=0 -> it=24 t=0.316s conv=1
  [  11.76s] E1 quadratic kappa10000.0-n1000 ARC seed=0 -> it=8 t=11.757s conv=1
  [  21.36s] E1 quadratic kappa10000.0-n1000 GD seed=1 -> it=123968 t=21.363s conv=1
  [  25.70s] E1 quadratic kappa10000.0-n1000 NAG-t seed=1 -> it=175613 t=25.702s conv=1
  [   0.32s] E1 quadratic kappa10000.0-n1000 NAG-CM seed=1 -> it=2258 t=0.32s conv=1
  [   0.69s] E1 quadratic kappa10000.0-n1000 L-BFGS seed=1 -> it=846 t=0.692s conv=0
  [   3.80s] E1 quadratic kappa10000.0-n1000 Catalyst seed=1 -> it=35924 t=3.8s conv=1
  [   0.43s] E1 quadratic kappa10000.0-n1000 Hybrid-adaptive seed=1 -> it=2258 t=0.433s conv=1
  [   0.03s] E1 quadratic kappa10000.0-n1000 Newton seed=1 -> it=1 t=0.028s conv=1
  [   0.32s] E1 quadratic kappa10000.0-n1000 TR seed=1 -> it=23 t=0.317s conv=1
  [  10.34s] E1 quadratic kappa10000.0-n1000 ARC seed=1 -> it=7 t=10.337s conv=1
  [  22.95s] E1 quadratic kappa10000.0-n1000 GD seed=2 -> it=105358 t=22.953s conv=1
  [  26.20s] E1 quadratic kappa10000.0-n1000 NAG-t seed=2 -> it=171134 t=26.2s conv=1
  [   0.32s] E1 quadratic kappa10000.0-n1000 NAG-CM seed=2 -> it=2254 t=0.322s conv=1
  [   0.48s] E1 quadratic kappa10000.0-n1000 L-BFGS seed=2 -> it=797 t=0.482s conv=0
  [   4.24s] E1 quadratic kappa10000.0-n1000 Catalyst seed=2 -> it=35505 t=4.24s conv=1
  [   0.51s] E1 quadratic kappa10000.0-n1000 Hybrid-adaptive seed=2 -> it=2254 t=0.514s conv=1
  [   0.02s] E1 quadratic kappa10000.0-n1000 Newton seed=2 -> it=1 t=0.024s conv=1
  [   0.23s] E1 quadratic kappa10000.0-n1000 TR seed=2 -> it=22 t=0.23s conv=1
  [  11.79s] E1 quadratic kappa10000.0-n1000 ARC seed=2 -> it=8 t=11.791s conv=1
  [   0.12s] E3 quadratic kappa1000.0-n1000 Hybrid-adaptive seed=0 -> it=689 t=0.123s conv=1
  [   0.05s] E3 logistic lam0.01-m2000-n200 Hybrid-adaptive seed=0 -> it=94 t=0.054s conv=1
  [   0.60s] E2 logsumexp m300-n50 Hybrid-fixed th=0.1 seed=0 -> it=655 t=0.601s conv=1
  [   0.65s] E2 logsumexp m300-n50 Hybrid-fixed th=0.023101297000831605 seed=0 -> it=501 t=0.652s conv=1
  [   2.02s] E2 logsumexp m300-n50 Hybrid-fixed th=0.005336699231206312 seed=0 -> it=1737 t=2.02s conv=1
  [   0.63s] E2 logsumexp m300-n50 Hybrid-fixed th=0.0012328467394420659 seed=0 -> it=734 t=0.627s conv=1
  [   0.02s] E2 logsumexp m300-n50 Hybrid-fixed th=0.0002848035868435802 seed=0 -> it=259 t=0.016s conv=1
  [   0.04s] E2 logsumexp m300-n50 Hybrid-fixed th=6.579332246575683e-05 seed=0 -> it=271 t=0.036s conv=1
  [   0.01s] E2 logsumexp m300-n50 Hybrid-fixed th=1.5199110829529332e-05 seed=0 -> it=259 t=0.014s conv=1
  [   0.01s] E2 logsumexp m300-n50 Hybrid-fixed th=3.5111917342151347e-06 seed=0 -> it=259 t=0.013s conv=1
  [   0.30s] E2 logsumexp m300-n50 Hybrid-fixed th=8.111308307896872e-07 seed=0 -> it=516 t=0.301s conv=1
  [   0.10s] E2 logsumexp m300-n50 Hybrid-fixed th=1.873817422860383e-07 seed=0 -> it=325 t=0.101s conv=1
  [   0.01s] E2 logsumexp m300-n50 Hybrid-fixed th=4.328761281083061e-08 seed=0 -> it=259 t=0.011s conv=1
  [   0.01s] E2 logsumexp m300-n50 Hybrid-fixed th=1e-08 seed=0 -> it=259 t=0.009s conv=1
  [   0.02s] E3 logsumexp m300-n50 Hybrid-adaptive seed=0 -> it=259 t=0.016s conv=1
  [   0.45s] E4 rosenbrock n50 NAG-t seed=0 -> it=15673 t=0.45s conv=1
  [   0.02s] E4 rosenbrock n50 Newton seed=0 -> it=174 t=0.017s conv=1
  [   0.03s] E4 rosenbrock n50 L-BFGS seed=0 -> it=287 t=0.026s conv=1
  [   0.96s] E4 rosenbrock n50 TR seed=0 -> it=5000 t=0.965s conv=0
  [   0.28s] E4 rosenbrock n50 ARC seed=0 -> it=177 t=0.279s conv=1
  [   4.06s] E4 rosenbrock n50 Hybrid-adaptive seed=0 -> it=15338 t=4.057s conv=1
  [   0.45s] E4 rosenbrock n50 NAG-t seed=1 -> it=15673 t=0.455s conv=1
  [   0.02s] E4 rosenbrock n50 Newton seed=1 -> it=174 t=0.017s conv=1
  [   0.03s] E4 rosenbrock n50 L-BFGS seed=1 -> it=287 t=0.026s conv=1
  [   0.95s] E4 rosenbrock n50 TR seed=1 -> it=5000 t=0.946s conv=0
  [   0.34s] E4 rosenbrock n50 ARC seed=1 -> it=177 t=0.341s conv=1
  [   4.05s] E4 rosenbrock n50 Hybrid-adaptive seed=1 -> it=15338 t=4.046s conv=1
  [   0.94s] E4 rosenbrock n100 NAG-t seed=0 -> it=32277 t=0.936s conv=1
  [   0.04s] E4 rosenbrock n100 Newton seed=0 -> it=247 t=0.035s conv=1
  [   0.05s] E4 rosenbrock n100 L-BFGS seed=0 -> it=537 t=0.053s conv=1
  [   0.77s] E4 rosenbrock n100 TR seed=0 -> it=5000 t=0.772s conv=0
  [   1.25s] E4 rosenbrock n100 ARC seed=0 -> it=282 t=1.254s conv=1
  [   8.31s] E4 rosenbrock n100 Hybrid-adaptive seed=0 -> it=31946 t=8.304s conv=1
  [   0.92s] E4 rosenbrock n100 NAG-t seed=1 -> it=32277 t=0.92s conv=1
  [   0.04s] E4 rosenbrock n100 Newton seed=1 -> it=247 t=0.04s conv=1
  [   0.05s] E4 rosenbrock n100 L-BFGS seed=1 -> it=537 t=0.053s conv=1
  [   0.73s] E4 rosenbrock n100 TR seed=1 -> it=5000 t=0.729s conv=0
  [   1.28s] E4 rosenbrock n100 ARC seed=1 -> it=282 t=1.282s conv=1
  [   8.86s] E4 rosenbrock n100 Hybrid-adaptive seed=1 -> it=31946 t=8.854s conv=1
  [ 150.00s] E4 logsumexp m500-n50 NAG-t seed=0 -> it=324685 t=150.0s conv=0
  [   4.72s] E4 logsumexp m500-n50 Newton seed=0 -> it=2000 t=4.719s conv=0
  [   0.00s] E4 logsumexp m500-n50 TR seed=0 -> it=11 t=0.002s conv=1
  [   3.40s] E4 logsumexp m500-n50 ARC seed=0 -> it=1000 t=3.396s conv=0
  [   4.57s] E4 logsumexp m500-n50 Hybrid-fixed th=0.001 seed=0 -> it=2057 t=4.574s conv=0
  [ 150.00s] E4 logsumexp m500-n50 Hybrid-adaptive seed=0 -> it=310437 t=150.0s conv=0
  [   0.01s] E4 logsumexp m500-n50 NAG-t seed=1 -> it=167 t=0.011s conv=1
  [   5.79s] E4 logsumexp m500-n50 Newton seed=1 -> it=2000 t=5.788s conv=0
  [   0.00s] E4 logsumexp m500-n50 TR seed=1 -> it=11 t=0.002s conv=1
  [   3.50s] E4 logsumexp m500-n50 ARC seed=1 -> it=1000 t=3.499s conv=0
  [   0.50s] E4 logsumexp m500-n50 Hybrid-fixed th=0.001 seed=1 -> it=272 t=0.499s conv=1
  [   0.02s] E4 logsumexp m500-n50 Hybrid-adaptive seed=1 -> it=167 t=0.023s conv=1
  [   0.49s] E5 logistic lam0.01-m5000-n1000 GD seed=0 -> it=192 t=0.493s conv=1
  [   0.80s] E5 logistic lam0.01-m5000-n1000 NAG-t seed=0 -> it=395 t=0.804s conv=1
  [   0.23s] E5 logistic lam0.01-m5000-n1000 NAG-CM seed=0 -> it=116 t=0.233s conv=1
  [   0.34s] E5 logistic lam0.01-m5000-n1000 L-BFGS seed=0 -> it=35 t=0.335s conv=1
  [   0.33s] E5 logistic lam0.01-m5000-n1000 Catalyst seed=0 -> it=117 t=0.325s conv=1
  [   0.88s] E5 logistic lam0.01-m5000-n1000 Hybrid-adaptive seed=0 -> it=116 t=0.878s conv=1
  [   0.87s] E5 logistic lam0.01-m5000-n1000 Newton seed=0 -> it=9 t=0.868s conv=1
  [   0.28s] E5 logistic lam0.01-m5000-n1000 TR seed=0 -> it=17 t=0.282s conv=1
  [  22.72s] E5 logistic lam0.01-m5000-n1000 ARC seed=0 -> it=14 t=22.719s conv=1
  [   0.39s] E5 logistic lam0.01-m5000-n1000 GD seed=1 -> it=191 t=0.387s conv=1
  [   0.81s] E5 logistic lam0.01-m5000-n1000 NAG-t seed=1 -> it=380 t=0.811s conv=1
  [   0.24s] E5 logistic lam0.01-m5000-n1000 NAG-CM seed=1 -> it=115 t=0.241s conv=1
  [   0.23s] E5 logistic lam0.01-m5000-n1000 L-BFGS seed=1 -> it=34 t=0.232s conv=1
  [   0.24s] E5 logistic lam0.01-m5000-n1000 Catalyst seed=1 -> it=116 t=0.236s conv=1
  [   0.99s] E5 logistic lam0.01-m5000-n1000 Hybrid-adaptive seed=1 -> it=115 t=0.985s conv=1
  [   0.88s] E5 logistic lam0.01-m5000-n1000 Newton seed=1 -> it=9 t=0.877s conv=1
  [   0.31s] E5 logistic lam0.01-m5000-n1000 TR seed=1 -> it=16 t=0.308s conv=1
  [  23.89s] E5 logistic lam0.01-m5000-n1000 ARC seed=1 -> it=14 t=23.887s conv=1
  [   0.38s] E5 logistic lam0.01-m5000-n1000 GD seed=2 -> it=188 t=0.382s conv=1
  [   0.76s] E5 logistic lam0.01-m5000-n1000 NAG-t seed=2 -> it=367 t=0.759s conv=1
  [   0.24s] E5 logistic lam0.01-m5000-n1000 NAG-CM seed=2 -> it=116 t=0.239s conv=1
  [   0.23s] E5 logistic lam0.01-m5000-n1000 L-BFGS seed=2 -> it=34 t=0.23s conv=1
  [   0.24s] E5 logistic lam0.01-m5000-n1000 Catalyst seed=2 -> it=117 t=0.237s conv=1
  [   0.89s] E5 logistic lam0.01-m5000-n1000 Hybrid-adaptive seed=2 -> it=116 t=0.884s conv=1
  [   0.92s] E5 logistic lam0.01-m5000-n1000 Newton seed=2 -> it=9 t=0.919s conv=1
  [   0.28s] E5 logistic lam0.01-m5000-n1000 TR seed=2 -> it=16 t=0.275s conv=1
  [  22.93s] E5 logistic lam0.01-m5000-n1000 ARC seed=2 -> it=14 t=22.928s conv=1
[run_all] finished session: 240 runs in 12.6 min
