[run_all] jobs=289 done=63 todo=226 smoke=False
  [   0.00s] E1 quadratic kappa100.0-n100 GD seed=0 -> it=1021 t=0.005s conv=1
  [   0.02s] E1 quadratic kappa100.0-n100 NAG-t seed=0 -> it=2075 t=0.015s conv=1
  [   0.00s] E1 quadratic kappa100.0-n100 NAG-CM seed=0 -> it=211 t=0.001s conv=1
  [   0.01s] E1 quadratic kappa100.0-n100 L-BFGS seed=0 -> it=126 t=0.012s conv=1
  [   0.00s] E1 quadratic kappa100.0-n100 Catalyst seed=0 -> it=212 t=0.001s conv=1
  [   0.01s] E1 quadratic kappa100.0-n100 Hybrid-adaptive seed=0 -> it=165 t=0.01s conv=1
  [   0.00s] E1 quadratic kappa100.0-n100 Newton seed=0 -> it=1 t=0.0s conv=1
  [   0.00s] E1 quadratic kappa100.0-n100 TR seed=0 -> it=15 t=0.002s conv=1
  [   0.03s] E1 quadratic kappa100.0-n100 ARC seed=0 -> it=7 t=0.029s conv=1
  [   0.01s] E1 quadratic kappa100.0-n100 GD seed=1 -> it=1185 t=0.005s conv=1
  [   0.01s] E1 quadratic kappa100.0-n100 NAG-t seed=1 -> it=1958 t=0.013s conv=1
  [   0.00s] E1 quadratic kappa100.0-n100 NAG-CM seed=1 -> it=193 t=0.001s conv=1
  [   0.01s] E1 quadratic kappa100.0-n100 L-BFGS seed=1 -> it=96 t=0.009s conv=0
  [   0.00s] E1 quadratic kappa100.0-n100 Catalyst seed=1 -> it=194 t=0.001s conv=1
  [   0.02s] E1 quadratic kappa100.0-n100 Hybrid-adaptive seed=1 -> it=150 t=0.02s conv=1
  [   0.00s] E1 quadratic kappa100.0-n100 Newton seed=1 -> it=1 t=0.0s conv=1
  [   0.00s] E1 quadratic kappa100.0-n100 TR seed=1 -> it=15 t=0.002s conv=1
  [   0.02s] E1 quadratic kappa100.0-n100 ARC seed=1 -> it=6 t=0.025s conv=1
  [   0.01s] E1 quadratic kappa100.0-n100 GD seed=2 -> it=1180 t=0.005s conv=1
  [   0.02s] E1 quadratic kappa100.0-n100 NAG-t seed=2 -> it=2144 t=0.015s conv=1
  [   0.00s] E1 quadratic kappa100.0-n100 NAG-CM seed=2 -> it=204 t=0.001s conv=1
  [   0.01s] E1 quadratic kappa100.0-n100 L-BFGS seed=2 -> it=124 t=0.013s conv=0
  [   0.00s] E1 quadratic kappa100.0-n100 Catalyst seed=2 -> it=205 t=0.001s conv=1
  [   0.02s] E1 quadratic kappa100.0-n100 Hybrid-adaptive seed=2 -> it=157 t=0.021s conv=1
  [   0.00s] E1 quadratic kappa100.0-n100 Newton seed=2 -> it=1 t=0.0s conv=1
  [   0.00s] E1 quadratic kappa100.0-n100 TR seed=2 -> it=14 t=0.003s conv=1
  [   0.06s] E1 quadratic kappa100.0-n100 ARC seed=2 -> it=6 t=0.059s conv=1
  [   0.08s] E1 quadratic kappa1000.0-n100 GD seed=0 -> it=11336 t=0.078s conv=1
  [   0.16s] E1 quadratic kappa1000.0-n100 NAG-t seed=0 -> it=16808 t=0.156s conv=1
  [   0.00s] E1 quadratic kappa1000.0-n100 NAG-CM seed=0 -> it=694 t=0.004s conv=1
  [   0.05s] E1 quadratic kappa1000.0-n100 L-BFGS seed=0 -> it=366 t=0.047s conv=0
  [   0.03s] E1 quadratic kappa1000.0-n100 Catalyst seed=0 -> it=3423 t=0.028s conv=1
  [   0.17s] E1 quadratic kappa1000.0-n100 Hybrid-adaptive seed=0 -> it=544 t=0.168s conv=1
  [   0.00s] E1 quadratic kappa1000.0-n100 Newton seed=0 -> it=1 t=0.0s conv=1
  [   0.00s] E1 quadratic kappa1000.0-n100 TR seed=0 -> it=17 t=0.003s conv=1
  [   0.03s] E1 quadratic kappa1000.0-n100 ARC seed=0 -> it=6 t=0.026s conv=1
  [   0.07s] E1 quadratic kappa1000.0-n100 GD seed=1 -> it=12999 t=0.067s conv=1
  [   0.14s] E1 quadratic kappa1000.0-n100 NAG-t seed=1 -> it=15839 t=0.139s conv=1
  [   0.01s] E1 quadratic kappa1000.0-n100 NAG-CM seed=1 -> it=646 t=0.006s conv=1
  [   0.02s] E1 quadratic kappa1000.0-n100 L-BFGS seed=1 -> it=263 t=0.022s conv=0
  [   0.02s] E1 quadratic kappa1000.0-n100 Catalyst seed=1 -> it=3013 t=0.02s conv=1
  [   0.13s] E1 quadratic kappa1000.0-n100 Hybrid-adaptive seed=1 -> it=503 t=0.13s conv=1
  [   0.00s] E1 quadratic kappa1000.0-n100 Newton seed=1 -> it=1 t=0.0s conv=1
  [   0.00s] E1 quadratic kappa1000.0-n100 TR seed=1 -> it=18 t=0.004s conv=1
  [   0.03s] E1 quadratic kappa1000.0-n100 ARC seed=1 -> it=6 t=0.027s conv=1
  [   0.07s] E1 quadratic kappa1000.0-n100 GD seed=2 -> it=12945 t=0.071s conv=1
  [   0.20s] E1 quadratic kappa1000.0-n100 NAG-t seed=2 -> it=16903 t=0.198s conv=1
  [   0.01s] E1 quadratic kappa1000.0-n100 NAG-CM seed=2 -> it=668 t=0.005s conv=1
  [   0.03s] E1 quadratic kappa1000.0-n100 L-BFGS seed=2 -> it=285 t=0.033s conv=0
  [   0.02s] E1 quadratic kappa1000.0-n100 Catalyst seed=2 -> it=3292 t=0.023s conv=1
  [   0.13s] E1 quadratic kappa1000.0-n100 Hybrid-adaptive seed=2 -> it=525 t=0.133s conv=1
  [   0.00s] E1 quadratic kappa1000.0-n100 Newton seed=2 -> it=1 t=0.0s conv=1
  [   0.00s] E1 quadratic kappa1000.0-n100 TR seed=2 -> it=17 t=0.003s conv=1
  [   0.02s] E1 quadratic kappa1000.0-n100 ARC seed=2 -> it=6 t=0.025s conv=1
  [   0.60s] E1 quadratic kappa10000.0-n100 GD seed=0 -> it=124797 t=0.604s conv=1
  [   0.92s] E1 quadratic kappa10000.0-n100 NAG-t seed=0 -> it=125732 t=0.924s conv=1
  [   0.01s] E1 quadratic kappa10000.0-n100 NAG-CM seed=0 -> it=2223 t=0.014s conv=1
  [   0.06s] E1 quadratic kappa10000.0-n100 L-BFGS seed=0 -> it=726 t=0.063s conv=0
  [   0.21s] E1 quadratic kappa10000.0-n100 Catalyst seed=0 -> it=34931 t=0.213s conv=1
  [   0.37s] E1 quadratic kappa10000.0-n100 Hybrid-adaptive seed=0 -> it=1750 t=0.37s conv=1
  [   0.00s] E1 quadratic kappa10000.0-n100 Newton seed=0 -> it=1 t=0.0s conv=1
  [   0.01s] E1 quadratic kappa10000.0-n100 TR seed=0 -> it=20 t=0.007s conv=1
  [   0.03s] E1 quadratic kappa10000.0-n100 ARC seed=0 -> it=6 t=0.025s conv=1
  [   0.73s] E1 quadratic kappa10000.0-n100 GD seed=1 -> it=141651 t=0.726s conv=1
  [   1.01s] E1 quadratic kappa10000.0-n100 NAG-t seed=1 -> it=119131 t=1.005s conv=1
  [   0.01s] E1 quadratic kappa10000.0-n100 NAG-CM seed=1 -> it=2118 t=0.014s conv=1
  [   0.09s] E1 quadratic kappa10000.0-n100 L-BFGS seed=1 -> it=743 t=0.095s conv=0
  [   0.23s] E1 quadratic kappa10000.0-n100 Catalyst seed=1 -> it=30542 t=0.232s conv=1
  [   2.77s] E1 quadratic kappa10000.0-n100 Hybrid-adaptive seed=1 -> it=3700 t=2.768s conv=0
  [   0.00s] E1 quadratic kappa10000.0-n100 Newton seed=1 -> it=1 t=0.001s conv=1
  [   0.03s] E1 quadratic kappa10000.0-n100 TR seed=1 -> it=19 t=0.034s conv=1
  [   0.10s] E1 quadratic kappa10000.0-n100 ARC seed=1 -> it=6 t=0.104s conv=1
  [   5.13s] E1 quadratic kappa10000.0-n100 GD seed=2 -> it=141193 t=5.134s conv=1
  [   5.99s] E1 quadratic kappa10000.0-n100 NAG-t seed=2 -> it=131711 t=5.995s conv=1
  [   0.13s] E1 quadratic kappa10000.0-n100 NAG-CM seed=2 -> it=2159 t=0.128s conv=1
  [   0.44s] E1 quadratic kappa10000.0-n100 L-BFGS seed=2 -> it=775 t=0.441s conv=0
  [   1.42s] E1 quadratic kappa10000.0-n100 Catalyst seed=2 -> it=33462 t=1.423s conv=1
  [   3.26s] E1 quadratic kappa10000.0-n100 Hybrid-adaptive seed=2 -> it=1704 t=3.253s conv=1
  [   0.00s] E1 quadratic kappa10000.0-n100 Newton seed=2 -> it=1 t=0.001s conv=1
  [   0.04s] E1 quadratic kappa10000.0-n100 TR seed=2 -> it=21 t=0.043s conv=1
  [   0.09s] E1 quadratic kappa10000.0-n100 ARC seed=2 -> it=6 t=0.091s conv=1
  [   0.70s] E1 quadratic kappa100.0-n1000 GD seed=0 -> it=1152 t=0.699s conv=1
  [   1.57s] E1 quadratic kappa100.0-n1000 NAG-t seed=0 -> it=2367 t=1.57s conv=1
  [   0.13s] E1 quadratic kappa100.0-n1000 NAG-CM seed=0 -> it=210 t=0.125s conv=1
  [   0.60s] E1 quadratic kappa100.0-n1000 L-BFGS seed=0 -> it=128 t=0.595s conv=0
  [   0.18s] E1 quadratic kappa100.0-n1000 Catalyst seed=0 -> it=212 t=0.176s conv=1
  [   0.33s] E1 quadratic kappa100.0-n1000 Hybrid-adaptive seed=0 -> it=210 t=0.327s conv=1
  [   0.09s] E1 quadratic kappa100.0-n1000 Newton seed=0 -> it=1 t=0.09s conv=1
  [   0.15s] E1 quadratic kappa100.0-n1000 TR seed=0 -> it=16 t=0.15s conv=1
  [  29.57s] E1 quadratic kappa100.0-n1000 ARC seed=0 -> it=8 t=29.565s conv=1
  [   0.14s] E1 quadratic kappa100.0-n1000 GD seed=1 -> it=1022 t=0.139s conv=1
  [   0.44s] E1 quadratic kappa100.0-n1000 NAG-t seed=1 -> it=2401 t=0.443s conv=1
  [   0.05s] E1 quadratic kappa100.0-n1000 NAG-CM seed=1 -> it=213 t=0.053s conv=1
  [   0.20s] E1 quadratic kappa100.0-n1000 L-BFGS seed=1 -> it=143 t=0.2s conv=1
  [   0.05s] E1 quadratic kappa100.0-n1000 Catalyst seed=1 -> it=214 t=0.048s conv=1
  [   0.08s] E1 quadratic kappa100.0-n1000 Hybrid-adaptive seed=1 -> it=213 t=0.076s conv=1
  [   0.03s] E1 quadratic kappa100.0-n1000 Newton seed=1 -> it=1 t=0.028s conv=1
  [   0.04s] E1 quadratic kappa100.0-n1000 TR seed=1 -> it=16 t=0.043s conv=1
  [  11.75s] E1 quadratic kappa100.0-n1000 ARC seed=1 -> it=8 t=11.753s conv=1
  [   0.11s] E1 quadratic kappa100.0-n1000 GD seed=2 -> it=990 t=0.106s conv=1
  [   0.38s] E1 quadratic kappa100.0-n1000 NAG-t seed=2 -> it=2380 t=0.38s conv=1
  [   0.04s] E1 quadratic kappa100.0-n1000 NAG-CM seed=2 -> it=212 t=0.037s conv=1
  [   0.11s] E1 quadratic kappa100.0-n1000 L-BFGS seed=2 -> it=134 t=0.113s conv=1
  [   0.03s] E1 quadratic kappa100.0-n1000 Catalyst seed=2 -> it=213 t=0.029s conv=1
  [   0.09s] E1 quadratic kappa100.0-n1000 Hybrid-adaptive seed=2 -> it=212 t=0.089s conv=1
  [   0.02s] E1 quadratic kappa100.0-n1000 Newton seed=2 -> it=1 t=0.024s conv=1
  [   0.03s] E1 quadratic kappa100.0-n1000 TR seed=2 -> it=15 t=0.035s conv=1
  [  11.88s] E1 quadratic kappa100.0-n1000 ARC seed=2 -> it=8 t=11.878s conv=1
  [   1.48s] E1 quadratic kappa1000.0-n1000 GD seed=0 -> it=12667 t=1.478s conv=1
  [   2.77s] E1 quadratic kappa1000.0-n1000 NAG-t seed=0 -> it=20389 t=2.77s conv=1
  [   0.10s] E1 quadratic kappa1000.0-n1000 NAG-CM seed=0 -> it=689 t=0.095s conv=1
  [   0.31s] E1 quadratic kappa1000.0-n1000 L-BFGS seed=0 -> it=290 t=0.314s conv=0
  [   0.59s] E1 quadratic kappa1000.0-n1000 Catalyst seed=0 -> it=3509 t=0.59s conv=1
  [   0.12s] E1 quadratic kappa1000.0-n1000 Hybrid-adaptive seed=0 -> it=689 t=0.124s conv=1
  [   0.03s] E1 quadratic kappa1000.0-n1000 Newton seed=0 -> it=1 t=0.031s conv=1
  [   0.09s] E1 quadratic kappa1000.0-n1000 TR seed=0 -> it=20 t=0.086s conv=1
  [  11.97s] E1 quadratic kappa1000.0-n1000 ARC seed=0 -> it=8 t=11.974s conv=1
  [   1.65s] E1 quadratic kappa1000.0-n1000 GD seed=1 -> it=11240 t=1.651s conv=1
  [   3.36s] E1 quadratic kappa1000.0-n1000 NAG-t seed=1 -> it=20824 t=3.356s conv=1
  [   0.14s] E1 quadratic kappa1000.0-n1000 NAG-CM seed=1 -> it=695 t=0.143s conv=1
  [   0.38s] E1 quadratic kappa1000.0-n1000 L-BFGS seed=1 -> it=333 t=0.375s conv=0
  [   0.70s] E1 quadratic kappa1000.0-n1000 Catalyst seed=1 -> it=3540 t=0.703s conv=1
  [   0.18s] E1 quadratic kappa1000.0-n1000 Hybrid-adaptive seed=1 -> it=695 t=0.18s conv=1
  [   0.03s] E1 quadratic kappa1000.0-n1000 Newton seed=1 -> it=1 t=0.026s conv=1
  [   0.08s] E1 quadratic kappa1000.0-n1000 TR seed=1 -> it=19 t=0.085s conv=1
  [  11.92s] E1 quadratic kappa1000.0-n1000 ARC seed=1 -> it=8 t=11.923s conv=1
  [   1.46s] E1 quadratic kappa1000.0-n1000 GD seed=2 -> it=9846 t=1.457s conv=1
  [   2.92s] E1 quadratic kappa1000.0-n1000 NAG-t seed=2 -> it=20635 t=2.923s conv=1
  [   0.11s] E1 quadratic kappa1000.0-n1000 NAG-CM seed=2 -> it=693 t=0.112s conv=1
  [   0.43s] E1 quadratic kappa1000.0-n1000 L-BFGS seed=2 -> it=377 t=0.434s conv=0
  [   0.51s] E1 quadratic kappa1000.0-n1000 Catalyst seed=2 -> it=3502 t=0.514s conv=1
  [   0.11s] E1 quadratic kappa1000.0-n1000 Hybrid-adaptive seed=2 -> it=693 t=0.108s conv=1
  [   0.03s] E1 quadratic kappa1000.0-n1000 Newton seed=2 -> it=1 t=0.03s conv=1
  [   0.11s] E1 quadratic kappa1000.0-n1000 TR seed=2 -> it=19 t=0.109s conv=1
  [  11.95s] E1 quadratic kappa1000.0-n1000 ARC seed=2 -> it=8 t=11.945s conv=1
  [  17.63s] E1 quadratic kappa10000.0-n1000 GD seed=0 -> it=138528 t=17.63s conv=1
  [  42.37s] E1 quadratic kappa10000.0-n1000 NAG-t seed=0 -> it=172984 t=42.365s conv=1
  [   1.46s] E1 quadratic kappa10000.0-n1000 NAG-CM seed=0 -> it=2253 t=1.463s conv=1
  [   2.28s] E1 quadratic kappa10000.0-n1000 L-BFGS seed=0 -> it=767 t=2.282s conv=0
  [  25.89s] E1 quadratic kappa10000.0-n1000 Catalyst seed=0 -> it=35581 t=25.892s conv=1
  [   2.00s] E1 quadratic kappa10000.0-n1000 Hybrid-adaptive seed=0 -> it=2253 t=2.001s conv=1
  [   0.09s] E1 quadratic kappa10000.0-n1000 Newton seed=0 -> it=1 t=0.089s conv=1
  [   1.18s] E1 quadratic kappa10000.0-n1000 TR seed=0 -> it=24 t=1.179s conv=1
  [  54.33s] E1 quadratic kappa10000.0-n1000 ARC seed=0 -> it=8 t=54.329s conv=1
  [  90.00s] E1 quadratic kappa10000.0-n1000 GD seed=1 -> it=115143 t=90.001s conv=0
  [  74.54s] E1 quadratic kappa10000.0-n1000 NAG-t seed=1 -> it=175613 t=74.541s conv=1
  [   0.38s] E1 quadratic kappa10000.0-n1000 NAG-CM seed=1 -> it=2258 t=0.377s conv=1
  [   0.74s] E1 quadratic kappa10000.0-n1000 L-BFGS seed=1 -> it=846 t=0.739s conv=0
  [   5.94s] E1 quadratic kappa10000.0-n1000 Catalyst seed=1 -> it=35924 t=5.939s conv=1
  [   0.46s] E1 quadratic kappa10000.0-n1000 Hybrid-adaptive seed=1 -> it=2258 t=0.458s conv=1
  [   0.03s] E1 quadratic kappa10000.0-n1000 Newton seed=1 -> it=1 t=0.028s conv=1
  [   0.33s] E1 quadratic kappa10000.0-n1000 TR seed=1 -> it=23 t=0.327s conv=1
  [  10.36s] E1 quadratic kappa10000.0-n1000 ARC seed=1 -> it=7 t=10.364s conv=1
  [  12.88s] E1 quadratic kappa10000.0-n1000 GD seed=2 -> it=105358 t=12.881s conv=1
  [  22.64s] E1 quadratic kappa10000.0-n1000 NAG-t seed=2 -> it=171134 t=22.637s conv=1
  [   0.37s] E1 quadratic kappa10000.0-n1000 NAG-CM seed=2 -> it=2254 t=0.365s conv=1
  [   0.79s] E1 quadratic kappa10000.0-n1000 L-BFGS seed=2 -> it=797 t=0.794s conv=0
  [   4.55s] E1 quadratic kappa10000.0-n1000 Catalyst seed=2 -> it=35505 t=4.551s conv=1
  [   0.34s] E1 quadratic kappa10000.0-n1000 Hybrid-adaptive seed=2 -> it=2254 t=0.339s conv=1
  [   0.02s] E1 quadratic kappa10000.0-n1000 Newton seed=2 -> it=1 t=0.023s conv=1
  [   0.22s] E1 quadratic kappa10000.0-n1000 TR seed=2 -> it=22 t=0.222s conv=1
  [  11.85s] E1 quadratic kappa10000.0-n1000 ARC seed=2 -> it=8 t=11.846s conv=1
  [   0.11s] E3 quadratic kappa1000.0-n1000 Hybrid-adaptive seed=0 -> it=689 t=0.114s conv=1
  [   0.05s] E3 logistic lam0.01-m2000-n200 Hybrid-adaptive seed=0 -> it=94 t=0.048s conv=1
  [   0.02s] E3 logsumexp m300-n50 Hybrid-adaptive seed=0 -> it=259 t=0.016s conv=1
  [   0.45s] E4 rosenbrock n50 NAG-t seed=0 -> it=15673 t=0.447s conv=1
  [   0.02s] E4 rosenbrock n50 Newton seed=0 -> it=174 t=0.019s conv=1
  [   0.03s] E4 rosenbrock n50 L-BFGS seed=0 -> it=287 t=0.031s conv=1
  [   0.99s] E4 rosenbrock n50 TR seed=0 -> it=5000 t=0.995s conv=0
  [   0.30s] E4 rosenbrock n50 ARC seed=0 -> it=177 t=0.299s conv=1
  [   4.27s] E4 rosenbrock n50 Hybrid-adaptive seed=0 -> it=15338 t=4.262s conv=1
  [   0.46s] E4 rosenbrock n50 NAG-t seed=1 -> it=15673 t=0.465s conv=1
  [   0.02s] E4 rosenbrock n50 Newton seed=1 -> it=174 t=0.018s conv=1
  [   0.03s] E4 rosenbrock n50 L-BFGS seed=1 -> it=287 t=0.029s conv=1
  [   0.96s] E4 rosenbrock n50 TR seed=1 -> it=5000 t=0.962s conv=0
  [   0.28s] E4 rosenbrock n50 ARC seed=1 -> it=177 t=0.282s conv=1
  [   4.06s] E4 rosenbrock n50 Hybrid-adaptive seed=1 -> it=15338 t=4.053s conv=1
  [   0.95s] E4 rosenbrock n100 NAG-t seed=0 -> it=32277 t=0.95s conv=1
  [   0.04s] E4 rosenbrock n100 Newton seed=0 -> it=247 t=0.036s conv=1
  [   0.05s] E4 rosenbrock n100 L-BFGS seed=0 -> it=537 t=0.054s conv=1
  [   0.75s] E4 rosenbrock n100 TR seed=0 -> it=5000 t=0.75s conv=0
  [   1.28s] E4 rosenbrock n100 ARC seed=0 -> it=282 t=1.281s conv=1
  [   8.66s] E4 rosenbrock n100 Hybrid-adaptive seed=0 -> it=31946 t=8.657s conv=1
  [   1.04s] E4 rosenbrock n100 NAG-t seed=1 -> it=32277 t=1.043s conv=1
  [   0.04s] E4 rosenbrock n100 Newton seed=1 -> it=247 t=0.041s conv=1
  [   0.06s] E4 rosenbrock n100 L-BFGS seed=1 -> it=537 t=0.061s conv=1
  [   0.86s] E4 rosenbrock n100 TR seed=1 -> it=5000 t=0.862s conv=0
  [   1.38s] E4 rosenbrock n100 ARC seed=1 -> it=282 t=1.377s conv=1
  [   8.64s] E4 rosenbrock n100 Hybrid-adaptive seed=1 -> it=31946 t=8.633s conv=1
  [ 150.00s] E4 logsumexp m500-n50 NAG-t seed=0 -> it=311698 t=150.0s conv=0
  [   4.84s] E4 logsumexp m500-n50 Newton seed=0 -> it=2000 t=4.839s conv=0
  [   0.00s] E4 logsumexp m500-n50 TR seed=0 -> it=11 t=0.002s conv=1
  [   3.44s] E4 logsumexp m500-n50 ARC seed=0 -> it=1000 t=3.443s conv=0
  [ 150.00s] E4 logsumexp m500-n50 Hybrid-adaptive seed=0 -> it=316143 t=150.0s conv=0
  [   0.01s] E4 logsumexp m500-n50 NAG-t seed=1 -> it=167 t=0.008s conv=1
  [   5.32s] E4 logsumexp m500-n50 Newton seed=1 -> it=2000 t=5.322s conv=0
  [   0.00s] E4 logsumexp m500-n50 TR seed=1 -> it=11 t=0.002s conv=1
  [   3.58s] E4 logsumexp m500-n50 ARC seed=1 -> it=1000 t=3.582s conv=0
  [   0.01s] E4 logsumexp m500-n50 Hybrid-adaptive seed=1 -> it=167 t=0.013s conv=1
  [   0.39s] E5 logistic lam0.01-m5000-n1000 GD seed=0 -> it=192 t=0.388s conv=1
  [   0.82s] E5 logistic lam0.01-m5000-n1000 NAG-t seed=0 -> it=395 t=0.822s conv=1
  [   0.24s] E5 logistic lam0.01-m5000-n1000 NAG-CM seed=0 -> it=116 t=0.243s conv=1
  [   0.23s] E5 logistic lam0.01-m5000-n1000 L-BFGS seed=0 -> it=35 t=0.227s conv=1
  [   0.24s] E5 logistic lam0.01-m5000-n1000 Catalyst seed=0 -> it=117 t=0.242s conv=1
  [   0.88s] E5 logistic lam0.01-m5000-n1000 Hybrid-adaptive seed=0 -> it=116 t=0.876s conv=1
  [   0.96s] E5 logistic lam0.01-m5000-n1000 Newton seed=0 -> it=9 t=0.956s conv=1
  [   0.29s] E5 logistic lam0.01-m5000-n1000 TR seed=0 -> it=17 t=0.287s conv=1
  [  22.85s] E5 logistic lam0.01-m5000-n1000 ARC seed=0 -> it=14 t=22.845s conv=1
  [   0.43s] E5 logistic lam0.01-m5000-n1000 GD seed=1 -> it=191 t=0.429s conv=1
  [   0.78s] E5 logistic lam0.01-m5000-n1000 NAG-t seed=1 -> it=380 t=0.776s conv=1
  [   0.29s] E5 logistic lam0.01-m5000-n1000 NAG-CM seed=1 -> it=115 t=0.289s conv=1
  [   0.23s] E5 logistic lam0.01-m5000-n1000 L-BFGS seed=1 -> it=34 t=0.228s conv=1
  [   0.27s] E5 logistic lam0.01-m5000-n1000 Catalyst seed=1 -> it=116 t=0.267s conv=1
  [   0.91s] E5 logistic lam0.01-m5000-n1000 Hybrid-adaptive seed=1 -> it=115 t=0.913s conv=1
  [   0.90s] E5 logistic lam0.01-m5000-n1000 Newton seed=1 -> it=9 t=0.902s conv=1
  [   0.28s] E5 logistic lam0.01-m5000-n1000 TR seed=1 -> it=16 t=0.28s conv=1
  [  41.51s] E5 logistic lam0.01-m5000-n1000 ARC seed=1 -> it=14 t=41.508s conv=1
  [   1.41s] E5 logistic lam0.01-m5000-n1000 GD seed=2 -> it=188 t=1.401s conv=1
  [   2.66s] E5 logistic lam0.01-m5000-n1000 NAG-t seed=2 -> it=367 t=2.652s conv=1
  [   0.82s] E5 logistic lam0.01-m5000-n1000 NAG-CM seed=2 -> it=116 t=0.816s conv=1
  [   0.78s] E5 logistic lam0.01-m5000-n1000 L-BFGS seed=2 -> it=34 t=0.771s conv=1
  [   0.88s] E5 logistic lam0.01-m5000-n1000 Catalyst seed=2 -> it=117 t=0.878s conv=1
  [   3.14s] E5 logistic lam0.01-m5000-n1000 Hybrid-adaptive seed=2 -> it=116 t=3.133s conv=1
  [   3.37s] E5 logistic lam0.01-m5000-n1000 Newton seed=2 -> it=9 t=3.365s conv=1
  [   0.98s] E5 logistic lam0.01-m5000-n1000 TR seed=2 -> it=16 t=0.977s conv=1
  [  83.04s] E5 logistic lam0.01-m5000-n1000 ARC seed=2 -> it=14 t=83.039s conv=1
[run_all] finished session: 226 runs in 17.9 min
