[run_all] jobs=289 done=193 todo=96 smoke=False
  [   0.02s] E1 quadratic kappa100.0-n100 L-BFGS seed=0 -> it=126 t=0.02s conv=1
  [   0.00s] E1 quadratic kappa100.0-n100 TR seed=0 -> it=15 t=0.002s conv=1
  [   0.03s] E1 quadratic kappa100.0-n100 ARC seed=0 -> it=7 t=0.033s conv=1
  [   0.01s] E1 quadratic kappa100.0-n100 L-BFGS seed=1 -> it=96 t=0.008s conv=0
  [   0.00s] E1 quadratic kappa100.0-n100 TR seed=1 -> it=15 t=0.001s conv=1
  [   0.02s] E1 quadratic kappa100.0-n100 ARC seed=1 -> it=6 t=0.025s conv=1
  [   0.01s] E1 quadratic kappa100.0-n100 L-BFGS seed=2 -> it=124 t=0.013s conv=0
  [   0.00s] E1 quadratic kappa100.0-n100 TR seed=2 -> it=14 t=0.002s conv=1
  [   0.03s] E1 quadratic kappa100.0-n100 ARC seed=2 -> it=6 t=0.026s conv=1
  [   0.06s] E1 quadratic kappa1000.0-n100 L-BFGS seed=0 -> it=366 t=0.056s conv=0
  [   0.01s] E1 quadratic kappa1000.0-n100 TR seed=0 -> it=17 t=0.005s conv=1
  [   0.04s] E1 quadratic kappa1000.0-n100 ARC seed=0 -> it=6 t=0.037s conv=1
  [   0.03s] E1 quadratic kappa1000.0-n100 L-BFGS seed=1 -> it=263 t=0.026s conv=0
  [   0.00s] E1 quadratic kappa1000.0-n100 TR seed=1 -> it=18 t=0.004s conv=1
  [   0.03s] E1 quadratic kappa1000.0-n100 ARC seed=1 -> it=6 t=0.027s conv=1
  [   0.03s] E1 quadratic kappa1000.0-n100 L-BFGS seed=2 -> it=285 t=0.028s conv=0
  [   0.00s] E1 quadratic kappa1000.0-n100 TR seed=2 -> it=17 t=0.003s conv=1
  [   0.03s] E1 quadratic kappa1000.0-n100 ARC seed=2 -> it=6 t=0.026s conv=1
  [   0.07s] E1 quadratic kappa10000.0-n100 L-BFGS seed=0 -> it=726 t=0.068s conv=0
  [   0.01s] E1 quadratic kappa10000.0-n100 TR seed=0 -> it=20 t=0.008s conv=1
  [   0.04s] E1 quadratic kappa10000.0-n100 ARC seed=0 -> it=6 t=0.037s conv=1
  [   0.07s] E1 quadratic kappa10000.0-n100 L-BFGS seed=1 -> it=743 t=0.074s conv=0
  [   0.01s] E1 quadratic kappa10000.0-n100 TR seed=1 -> it=19 t=0.007s conv=1
  [   0.03s] E1 quadratic kappa10000.0-n100 ARC seed=1 -> it=6 t=0.028s conv=1
  [   0.07s] E1 quadratic kappa10000.0-n100 L-BFGS seed=2 -> it=775 t=0.073s conv=0
  [   0.01s] E1 quadratic kappa10000.0-n100 TR seed=2 -> it=21 t=0.008s conv=1
  [   0.03s] E1 quadratic kappa10000.0-n100 ARC seed=2 -> it=6 t=0.027s conv=1
  [   0.14s] E1 quadratic kappa100.0-n1000 L-BFGS seed=0 -> it=128 t=0.139s conv=0
  [   0.03s] E1 quadratic kappa100.0-n1000 TR seed=0 -> it=16 t=0.026s conv=1
  [  30.81s] E1 quadratic kappa100.0-n1000 ARC seed=0 -> it=8 t=30.805s conv=1
  [   0.57s] E1 quadratic kappa100.0-n1000 L-BFGS seed=1 -> it=143 t=0.572s conv=1
  [   0.12s] E1 quadratic kappa100.0-n1000 TR seed=1 -> it=16 t=0.122s conv=1
  [  47.99s] E1 quadratic kappa100.0-n1000 ARC seed=1 -> it=8 t=47.992s conv=1
  [   0.54s] E1 quadratic kappa100.0-n1000 L-BFGS seed=2 -> it=134 t=0.543s conv=1
  [   0.11s] E1 quadratic kappa100.0-n1000 TR seed=2 -> it=15 t=0.113s conv=1
  [  49.76s] E1 quadratic kappa100.0-n1000 ARC seed=2 -> it=8 t=49.757s conv=1
  [   0.99s] E1 quadratic kappa1000.0-n1000 L-BFGS seed=0 -> it=290 t=0.986s conv=0
  [   0.34s] E1 quadratic kappa1000.0-n1000 TR seed=0 -> it=20 t=0.335s conv=1
  [  44.24s] E1 quadratic kappa1000.0-n1000 ARC seed=0 -> it=8 t=44.233s conv=1
  [   1.34s] E1 quadratic kappa1000.0-n1000 L-BFGS seed=1 -> it=333 t=1.342s conv=0
  [   0.35s] E1 quadratic kappa1000.0-n1000 TR seed=1 -> it=19 t=0.349s conv=1
  [  52.55s] E1 quadratic kappa1000.0-n1000 ARC seed=1 -> it=8 t=52.545s conv=1
  [   1.54s] E1 quadratic kappa1000.0-n1000 L-BFGS seed=2 -> it=377 t=1.539s conv=0
  [   0.37s] E1 quadratic kappa1000.0-n1000 TR seed=2 -> it=19 t=0.373s conv=1
  [  44.81s] E1 quadratic kappa1000.0-n1000 ARC seed=2 -> it=8 t=44.809s conv=1
  [   2.52s] E1 quadratic kappa10000.0-n1000 L-BFGS seed=0 -> it=767 t=2.515s conv=0
  [   1.14s] E1 quadratic kappa10000.0-n1000 TR seed=0 -> it=24 t=1.14s conv=1
  [  58.49s] E1 quadratic kappa10000.0-n1000 ARC seed=0 -> it=8 t=58.494s conv=1
  [   4.91s] E1 quadratic kappa10000.0-n1000 L-BFGS seed=1 -> it=846 t=4.911s conv=0
  [   1.52s] E1 quadratic kappa10000.0-n1000 TR seed=1 -> it=23 t=1.523s conv=1
  [  42.53s] E1 quadratic kappa10000.0-n1000 ARC seed=1 -> it=7 t=42.525s conv=1
  [   0.78s] E1 quadratic kappa10000.0-n1000 L-BFGS seed=2 -> it=797 t=0.777s conv=0
  [   0.29s] E1 quadratic kappa10000.0-n1000 TR seed=2 -> it=22 t=0.286s conv=1
  [  12.34s] E1 quadratic kappa10000.0-n1000 ARC seed=2 -> it=8 t=12.336s conv=1
  [   0.75s] E2 logsumexp m300-n50 Hybrid-fixed th=0.1 seed=0 -> it=655 t=0.749s conv=1
  [   0.68s] E2 logsumexp m300-n50 Hybrid-fixed th=0.023101297000831605 seed=0 -> it=501 t=0.675s conv=1
  [   1.98s] E2 logsumexp m300-n50 Hybrid-fixed th=0.005336699231206312 seed=0 -> it=1737 t=1.978s conv=1
  [   0.62s] E2 logsumexp m300-n50 Hybrid-fixed th=0.0012328467394420659 seed=0 -> it=734 t=0.621s conv=1
  [   0.02s] E2 logsumexp m300-n50 Hybrid-fixed th=0.0002848035868435802 seed=0 -> it=259 t=0.018s conv=1
  [   0.04s] E2 logsumexp m300-n50 Hybrid-fixed th=6.579332246575683e-05 seed=0 -> it=271 t=0.042s conv=1
  [   0.02s] E2 logsumexp m300-n50 Hybrid-fixed th=1.5199110829529332e-05 seed=0 -> it=259 t=0.016s conv=1
  [   0.01s] E2 logsumexp m300-n50 Hybrid-fixed th=3.5111917342151347e-06 seed=0 -> it=259 t=0.013s conv=1
  [   0.32s] E2 logsumexp m300-n50 Hybrid-fixed th=8.111308307896872e-07 seed=0 -> it=516 t=0.32s conv=1
  [   0.13s] E2 logsumexp m300-n50 Hybrid-fixed th=1.873817422860383e-07 seed=0 -> it=325 t=0.126s conv=1
  [   0.01s] E2 logsumexp m300-n50 Hybrid-fixed th=4.328761281083061e-08 seed=0 -> it=259 t=0.011s conv=1
  [   0.01s] E2 logsumexp m300-n50 Hybrid-fixed th=1e-08 seed=0 -> it=259 t=0.01s conv=1
  [   0.02s] E3 logsumexp m300-n50 Hybrid-adaptive seed=0 -> it=259 t=0.016s conv=1
  [   0.03s] E4 rosenbrock n50 L-BFGS seed=0 -> it=287 t=0.027s conv=1
  [   0.96s] E4 rosenbrock n50 TR seed=0 -> it=5000 t=0.963s conv=0
  [   0.31s] E4 rosenbrock n50 ARC seed=0 -> it=177 t=0.314s conv=1
  [   0.03s] E4 rosenbrock n50 L-BFGS seed=1 -> it=287 t=0.027s conv=1
  [   0.99s] E4 rosenbrock n50 TR seed=1 -> it=5000 t=0.99s conv=0
  [   0.38s] E4 rosenbrock n50 ARC seed=1 -> it=177 t=0.378s conv=1
  [   0.06s] E4 rosenbrock n100 L-BFGS seed=0 -> it=537 t=0.064s conv=1
  [   0.87s] E4 rosenbrock n100 TR seed=0 -> it=5000 t=0.87s conv=0
  [   1.41s] E4 rosenbrock n100 ARC seed=0 -> it=282 t=1.414s conv=1
  [   0.05s] E4 rosenbrock n100 L-BFGS seed=1 -> it=537 t=0.053s conv=1
  [   0.77s] E4 rosenbrock n100 TR seed=1 -> it=5000 t=0.767s conv=0
  [   1.56s] E4 rosenbrock n100 ARC seed=1 -> it=282 t=1.562s conv=1
  [   0.00s] E4 logsumexp m500-n50 TR seed=0 -> it=11 t=0.002s conv=1
  [   3.54s] E4 logsumexp m500-n50 ARC seed=0 -> it=1000 t=3.54s conv=0
  [   5.65s] E4 logsumexp m500-n50 Hybrid-fixed th=0.001 seed=0 -> it=2057 t=5.65s conv=0
  [ 150.00s] E4 logsumexp m500-n50 Hybrid-adaptive seed=0 -> it=310258 t=150.0s conv=0
  [   0.00s] E4 logsumexp m500-n50 TR seed=1 -> it=11 t=0.002s conv=1
  [   3.62s] E4 logsumexp m500-n50 ARC seed=1 -> it=1000 t=3.621s conv=0
  [   0.51s] E4 logsumexp m500-n50 Hybrid-fixed th=0.001 seed=1 -> it=272 t=0.511s conv=1
  [   0.01s] E4 logsumexp m500-n50 Hybrid-adaptive seed=1 -> it=167 t=0.014s conv=1
  [   0.23s] E5 logistic lam0.01-m5000-n1000 L-BFGS seed=0 -> it=35 t=0.229s conv=1
  [   0.28s] E5 logistic lam0.01-m5000-n1000 TR seed=0 -> it=17 t=0.284s conv=1
  [  23.38s] E5 logistic lam0.01-m5000-n1000 ARC seed=0 -> it=14 t=23.377s conv=1
  [   0.23s] E5 logistic lam0.01-m5000-n1000 L-BFGS seed=1 -> it=34 t=0.224s conv=1
  [   0.29s] E5 logistic lam0.01-m5000-n1000 TR seed=1 -> it=16 t=0.285s conv=1
  [  22.51s] E5 logistic lam0.01-m5000-n1000 ARC seed=1 -> it=14 t=22.505s conv=1
  [   0.23s] E5 logistic lam0.01-m5000-n1000 L-BFGS seed=2 -> it=34 t=0.23s conv=1
  [   0.28s] E5 logistic lam0.01-m5000-n1000 TR seed=2 -> it=16 t=0.279s conv=1
  [  22.60s] E5 logistic lam0.01-m5000-n1000 ARC seed=2 -> it=14 t=22.595s conv=1
[run_all] finished session: 96 runs in 11.0 min
